Microchip MPLAB XC8 Compiler V3.00

Linker command line:

-W-3 \
  --edf=C:\Program Files\Microchip\xc8\v3.00\pic\dat\20241204225717_en.msgs \
  -cn -h+dist/default/debug\ECE3232_Rover_Main_Ver01_03-2025.X.debug.sym \
  --cmf=dist/default/debug\ECE3232_Rover_Main_Ver01_03-2025.X.debug.cmf -z \
  -Q16F18855 -oC:\Users\MDMac\AppData\Local\Temp\xcAstes.\driver_tmp_3.o \
  --defsym=__MPLAB_BUILD=1 --fixupoverflow=error \
  -Mdist/default/debug/ECE3232_Rover_Main_Ver01_03-2025.X.debug.map \
  --md=C:\Users\MDMac\AppData\Local\Temp\xcAstes.\driver_tmp_0.dat -E1 \
  -ver=XC8 Compiler -ACODE=00h-07FFhx4 -ASTRCODE=00h-01FFFh \
  -ASTRING=00h-0FFhx32 -ACONST=00h-0FFhx32 -AENTRY=00h-0FFhx32 \
  -ACOMMON=070h-07Fh -ABANK0=020h-06Fh -ABANK1=0A0h-0EFh \
  -ABANK2=0120h-016Fh -ABANK3=01A0h-01EFh -ABANK4=0220h-026Fh \
  -ABANK5=02A0h-02EFh -ABANK6=0320h-036Fh -ABANK7=03A0h-03EFh \
  -ABANK8=0420h-046Fh -ABANK9=04A0h-04EFh -ABANK10=0520h-056Fh \
  -ABANK11=05A0h-05EFh -ABANK12=0620h-064Fh -ABIGRAM=02000h-023EFh \
  -ARAM=020h-06Fh,0A0h-0EFh,0120h-016Fh,01A0h-01EFh,0220h-026Fh,02A0h-02EFh,0320h-036Fh,03A0h-03EFh,0420h-046Fh,04A0h-04EFh,0520h-056Fh,05A0h-05EFh,0620h-064Fh \
  -AABS1=020h-07Fh,0A0h-0EFh,0120h-016Fh,01A0h-01EFh,0220h-026Fh,02A0h-02EFh,0320h-036Fh,03A0h-03EFh,0420h-046Fh,04A0h-04EFh,0520h-056Fh,05A0h-05EFh,0620h-064Fh \
  -ASFR0=00h-01Fh -ASFR1=080h-09Fh -ASFR2=0100h-011Fh -ASFR3=0180h-019Fh \
  -ASFR4=0200h-021Fh -ASFR5=0280h-029Fh -ASFR6=0300h-031Fh \
  -ASFR7=0380h-039Fh -ASFR8=0400h-041Fh -ASFR9=0480h-049Fh \
  -ASFR10=0500h-051Fh -ASFR11=0580h-059Fh -ASFR12=0600h-061Fh \
  -ASFR13=0680h-06EFh -ASFR14=0700h-076Fh -ASFR15=0780h-07EFh \
  -ASFR16=0800h-086Fh -ASFR17=0880h-08EFh -ASFR18=0900h-096Fh \
  -ASFR19=0980h-09EFh -ASFR20=0A00h-0A6Fh -ASFR21=0A80h-0AEFh \
  -ASFR22=0B00h-0B6Fh -ASFR23=0B80h-0BEFh -ASFR24=0C00h-0C6Fh \
  -ASFR25=0C80h-0CEFh -ASFR26=0D00h-0D6Fh -ASFR27=0D80h-0DEFh \
  -ASFR28=0E00h-0E6Fh -ASFR29=0E80h-0EEFh -ASFR30=0F00h-0F6Fh \
  -ASFR31=0F80h-0FEFh -ACONFIG=08007h-0800Bh -DCONFIG=2 \
  -AIDLOC=08000h-08003h -DIDLOC=2 -AEEDATA=00h-0FFh/0F000h \
  -peeprom_data=EEDATA -DEEDATA=2 -DCODE=2 -DSTRCODE=2 -DSTRING=2 -DCONST=2 \
  -DENTRY=2 -preset_vec=00h,intentry=04h,sivt,init,end_init -ppowerup=CODE \
  -pcinit=CODE -pfunctab=ENTRY -k \
  C:\Users\MDMac\AppData\Local\Temp\xcAstes.\driver_tmp_15.o \
  dist/default/debug\ECE3232_Rover_Main_Ver01_03-2025.X.debug.o 

Object code version is 3.11

Machine type is 16F18855



                Name                               Link     Load   Length Selector   Space Scale
C:\Users\MDMac\AppData\Local\Temp\xcAstes.\driver_tmp_15.o
                end_init                             3B       3B        2        8       0
                reset_vec                             0        0        2        0       0
                config                             8007     8007        5        0       4
dist/default/debug\ECE3232_Rover_Main_Ver01_03-2025.X.debug.o
                cinit                                3D       3D       25        8       0
                intentry                              4        4       37        8       0
                config                             8007     8007        5        0       4
                text27                              4B3      4B3        7        8       0
                text26                              4AC      4AC        7        8       0
                text25                              472      472       12        8       0
                text24                              429      429       13        8       0
                text23                              3DF      3DF       1C        8       0
                text22                              460      460       12        8       0
                text21                              33E      33E       23        8       0
                text20                              494      494        E        8       0
                text19                              413      413       16        8       0
                text18                              2EE      2EE       2C        8       0
                text17                              3C2      3C2       1D        8       0
                text16                              13D      13D       5C        8       0
                text15                              219      219       3A        8       0
                text14                              28B      28B       32        8       0
                text13                              253      253       38        8       0
                text12                               62       62       DB        8       0
                text11                              383      383       21        8       0
                text10                              4A2      4A2        A        8       0
                text9                               4CB      4CB        5        8       0
                text8                               1DF      1DF       3A        8       0
                text7                               44E      44E       12        8       0
                text6                               361      361       22        8       0
                text5                               4C6      4C6        5        8       0
                text4                               3FB      3FB       18        8       0
                text3                               43C      43C       12        8       0
                text2                               2BD      2BD       31        8       0
                text1                               199      199       46        8       0
                maintext                            3A4      3A4       1E        8       0
                cstackBANK0                          44       44       14       20       1
                cstackCOMMON                         70       70        A       70       1
                clrtext                             4C0      4C0        6        8       0
                inittext                            4BA      4BA        6        8       0
                dataBANK1                            A0       A0       10       A0       1
                dataBANK0                            20       20       24       20       1
                bssBANK0                             58       58        F       20       1
                bssCOMMON                            7A       7A        1       70       1
                idataBANK1                          484      484       10        8       0
                idataBANK0                          31A      31A       24        8       0

TOTAL           Name                               Link     Load   Length     Space
        CLASS   CODE           
                end_init                             3B       3B        2         0
                cinit                                3D       3D       25         0
                intentry                              4        4       37         0
                reset_vec                             0        0        2         0
                text27                              4B3      4B3        7         0
                text26                              4AC      4AC        7         0
                text25                              472      472       12         0
                text24                              429      429       13         0
                text23                              3DF      3DF       1C         0
                text22                              460      460       12         0
                text21                              33E      33E       23         0
                text20                              494      494        E         0
                text19                              413      413       16         0
                text18                              2EE      2EE       2C         0
                text17                              3C2      3C2       1D         0
                text16                              13D      13D       5C         0
                text15                              219      219       3A         0
                text14                              28B      28B       32         0
                text13                              253      253       38         0
                text12                               62       62       DB         0
                text11                              383      383       21         0
                text10                              4A2      4A2        A         0
                text9                               4CB      4CB        5         0
                text8                               1DF      1DF       3A         0
                text7                               44E      44E       12         0
                text6                               361      361       22         0
                text5                               4C6      4C6        5         0
                text4                               3FB      3FB       18         0
                text3                               43C      43C       12         0
                text2                               2BD      2BD       31         0
                text1                               199      199       46         0
                maintext                            3A4      3A4       1E         0
                clrtext                             4C0      4C0        6         0
                inittext                            4BA      4BA        6         0
                idataBANK1                          484      484       10         0
                idataBANK0                          31A      31A       24         0

        CLASS   STRCODE        

        CLASS   STRING         

        CLASS   CONST          

        CLASS   ENTRY          

        CLASS   COMMON         
                cstackCOMMON                         70       70        A         1
                bssCOMMON                            7A       7A        1         1

        CLASS   BANK0          
                cstackBANK0                          44       44       14         1
                dataBANK0                            20       20       24         1
                bssBANK0                             58       58        F         1

        CLASS   BANK1          
                dataBANK1                            A0       A0       10         1

        CLASS   BANK2          

        CLASS   BANK3          

        CLASS   BANK4          

        CLASS   BANK5          

        CLASS   BANK6          

        CLASS   BANK7          

        CLASS   BANK8          

        CLASS   BANK9          

        CLASS   BANK10         

        CLASS   BANK11         

        CLASS   BANK12         

        CLASS   BIGRAM         

        CLASS   RAM            

        CLASS   ABS1           
                abs_s1                               7E       7E        2         1

        CLASS   SFR0           

        CLASS   SFR1           

        CLASS   SFR2           

        CLASS   SFR3           

        CLASS   SFR4           

        CLASS   SFR5           

        CLASS   SFR6           

        CLASS   SFR7           

        CLASS   SFR8           

        CLASS   SFR9           

        CLASS   SFR10          

        CLASS   SFR11          

        CLASS   SFR12          

        CLASS   SFR13          

        CLASS   SFR14          

        CLASS   SFR15          

        CLASS   SFR16          

        CLASS   SFR17          

        CLASS   SFR18          

        CLASS   SFR19          

        CLASS   SFR20          

        CLASS   SFR21          

        CLASS   SFR22          

        CLASS   SFR23          

        CLASS   SFR24          

        CLASS   SFR25          

        CLASS   SFR26          

        CLASS   SFR27          

        CLASS   SFR28          

        CLASS   SFR29          

        CLASS   SFR30          

        CLASS   SFR31          

        CLASS   CONFIG         
                config                             8007     8007        5         4

        CLASS   IDLOC          

        CLASS   EEDATA         

        CLASS   BANK31         

        CLASS   BANK30         

        CLASS   BANK29         

        CLASS   BANK28         

        CLASS   BANK27         

        CLASS   BANK26         

        CLASS   BANK25         

        CLASS   BANK24         

        CLASS   BANK23         

        CLASS   BANK22         

        CLASS   BANK21         

        CLASS   BANK20         

        CLASS   BANK19         

        CLASS   BANK18         

        CLASS   BANK17         

        CLASS   BANK16         

        CLASS   BANK15         

        CLASS   BANK14         

        CLASS   BANK13         

        CLASS   HEAP           

        CLASS   STACK          



SEGMENTS        Name                           Load    Length   Top    Selector   Space  Class     Delta

                reset_vec                      000000  000002  000002         0       0  CODE        2
                intentry                       000004  0004CC  0004D0         8       0  CODE        2
                dataBANK0                      000020  000047  000067        20       1  BANK0       1
                cstackCOMMON                   000070  00000B  00007B        70       1  COMMON      1
                dataBANK1                      0000A0  000010  0000B0        A0       1  BANK1       1


UNUSED ADDRESS RANGES

        Name                Unused          Largest block    Delta
        BANK0            00067-0006F               9           1
        BANK1            000B0-000EF              40           1
        BANK10           00520-0056F              50           1
        BANK11           005A0-005EF              50           1
        BANK12           00620-0064F              30           1
        BANK2            00120-0016F              50           1
        BANK3            001A0-001EF              50           1
        BANK4            00220-0026F              50           1
        BANK5            002A0-002EF              50           1
        BANK6            00320-0036F              50           1
        BANK7            003A0-003EF              50           1
        BANK8            00420-0046F              50           1
        BANK9            004A0-004EF              50           1
        BIGRAM           02000-023EF             3F0           1
        CODE             00002-00003               2           2
                         004D0-01FFF             800
        COMMON           0007B-0007D               3           1
        CONST            00002-00003               2           2
                         004D0-01FFF             100
        EEDATA           0F000-0F0FF             100           2
        ENTRY            00002-00003               2           2
                         004D0-01FFF             100
        IDLOC            08000-08003               4           2
        RAM              00067-0006F               9           1
                         000B0-000EF              40
                         00120-0016F              50
                         001A0-001EF              50
                         00220-0026F              50
                         002A0-002EF              50
                         00320-0036F              50
                         003A0-003EF              50
                         00420-0046F              50
                         004A0-004EF              50
                         00520-0056F              50
                         005A0-005EF              50
                         00620-0064F              30
        SFR0             00000-0001F              20           1
        SFR1             00080-0009F              20           1
        SFR10            00500-0051F              20           1
        SFR11            00580-0059F              20           1
        SFR12            00600-0061F              20           1
        SFR13            00680-006EF              70           1
        SFR14            00700-0076F              70           1
        SFR15            00780-007EF              70           1
        SFR16            00800-0086F              70           1
        SFR17            00880-008EF              70           1
        SFR18            00900-0096F              70           1
        SFR19            00980-009EF              70           1
        SFR2             00100-0011F              20           1
        SFR20            00A00-00A6F              70           1
        SFR21            00A80-00AEF              70           1
        SFR22            00B00-00B6F              70           1
        SFR23            00B80-00BEF              70           1
        SFR24            00C00-00C6F              70           1
        SFR25            00C80-00CEF              70           1
        SFR26            00D00-00D6F              70           1
        SFR27            00D80-00DEF              70           1
        SFR28            00E00-00E6F              70           1
        SFR29            00E80-00EEF              70           1
        SFR3             00180-0019F              20           1
        SFR30            00F00-00F6F              70           1
        SFR31            00F80-00FEF              70           1
        SFR4             00200-0021F              20           1
        SFR5             00280-0029F              20           1
        SFR6             00300-0031F              20           1
        SFR7             00380-0039F              20           1
        SFR8             00400-0041F              20           1
        SFR9             00480-0049F              20           1
        STRCODE          00002-00003               2           2
                         004D0-01FFF            1B30
        STRING           00002-00003               2           2
                         004D0-01FFF             100

                                  Symbol Table

?___awdiv                                 cstackCOMMON 00073
?___lwdiv                                 cstackCOMMON 00073
?___lwmod                                 cstackCOMMON 00073
HAL_I2C_Master_Transmit@dataByte          cstackCOMMON 00074
HAL_I2C_Master_Transmit@numberOfDataBytes cstackCOMMON 00075
HAL_I2C_Master_Transmit@slaveAddress      cstackCOMMON 00076
HAL_LCD_Print@i                           cstackBANK0  00049
HAL_LCD_Print@size                        cstackBANK0  00046
HAL_LCD_Print@string                      cstackBANK0  00045
HAL_LED_OFF@LED                           cstackCOMMON 00073
HAL_Pulse_Enable@byte                     cstackCOMMON 00077
HAL_Set_Cursor@addr                       cstackBANK0  00049
HAL_Set_Cursor@col                        cstackBANK0  00045
HAL_Set_Cursor@line                       cstackBANK0  00047
HAL_Set_Entry_Mode@entry_mode             cstackBANK0  00049
HAL_Set_Entry_Mode@inc                    cstackBANK0  00045
HAL_Set_Entry_Mode@shift                  cstackBANK0  00047
HAL_Write_Command@cmd                     cstackBANK0  00044
HAL_Write_Data@data                       cstackBANK0  00044
HAL_Write_Init_Nibble@byte                cstackBANK0  00045
HAL_Write_Init_Nibble@nibble              cstackBANK0  00044
I2C_write@data                            cstackCOMMON 00073
_ANSELAbits                               (abs)        00F38
_ANSELBbits                               (abs)        00F43
_ANSELCbits                               (abs)        00F4E
_BAUD1CONbits                             (abs)        0011F
_BRG16                                    (abs)        008FB
_BRGH                                     (abs)        008F2
_FFT_Home1                                dataBANK0    00024
_FFT_Home2                                dataBANK1    000A0
_HAL_Clear                                text20       00494
_HAL_Display_On                           text5        004C6
_HAL_I2C_Master_Transmit                  text24       00429
_HAL_LCD_Print                            text18       002EE
_HAL_LED_OFF                              text11       00383
_HAL_Pulse_Enable                         text23       003DF
_HAL_Set_Cursor                           text17       003C2
_HAL_Set_Entry_Mode                       text4        003FB
_HAL_Write_Command                        text21       0033E
_HAL_Write_Data                           text19       00413
_HAL_Write_Init_Nibble                    text6        00361
_I2C_start                                text27       004B3
_I2C_stop                                 text26       004AC
_I2C_write                                text25       00472
_INTCONbits                               (abs)        0000B
_Joystick                                 intentry     00004
_LATAbits                                 (abs)        00016
_LATBbits                                 (abs)        00017
_LCD                                      bssBANK0     00058
_PIE3bits                                 (abs)        00719
_PIR3bits                                 (abs)        0070F
_PORTAbits                                (abs)        0000C
_PPSLOCKbits                              (abs)        00E8F
_RC1REG                                   (abs)        00119
_RC1STAbits                               (abs)        0011D
_RC3PPS                                   (abs)        00F23
_RC4PPS                                   (abs)        00F24
_RC5PPS                                   (abs)        00F25
_Rover_Team                               dataBANK0    00034
_SP1BRGH                                  (abs)        0011C
_SP1BRGL                                  (abs)        0011B
_SSP2ADDbits                              (abs)        00197
_SSP2BUF                                  (abs)        00196
_SSP2CLKPPSbits                           (abs)        00EC8
_SSP2CON1bits                             (abs)        0019A
_SSP2CON2bits                             (abs)        0019B
_SSP2DATPPSbits                           (abs)        00EC9
_SSP2STATbits                             (abs)        00199
_TRISAbits                                (abs)        00011
_TRISBbits                                (abs)        00012
_TRISCbits                                (abs)        00013
_TX1STAbits                               (abs)        0011E
_UART_Not_Recieved                        bssBANK0     00066
__H__absolute__                           __absolute__ 00000
__Habs1                                   abs1         00000
__Hbank0                                  bank0        00000
__Hbank1                                  bank1        00000
__Hbank10                                 bank10       00000
__Hbank11                                 bank11       00000
__Hbank12                                 bank12       00000
__Hbank13                                 bank13       00000
__Hbank14                                 bank14       00000
__Hbank15                                 bank15       00000
__Hbank16                                 bank16       00000
__Hbank17                                 bank17       00000
__Hbank18                                 bank18       00000
__Hbank19                                 bank19       00000
__Hbank2                                  bank2        00000
__Hbank20                                 bank20       00000
__Hbank21                                 bank21       00000
__Hbank22                                 bank22       00000
__Hbank23                                 bank23       00000
__Hbank24                                 bank24       00000
__Hbank25                                 bank25       00000
__Hbank26                                 bank26       00000
__Hbank27                                 bank27       00000
__Hbank28                                 bank28       00000
__Hbank29                                 bank29       00000
__Hbank3                                  bank3        00000
__Hbank30                                 bank30       00000
__Hbank31                                 bank31       00000
__Hbank4                                  bank4        00000
__Hbank5                                  bank5        00000
__Hbank6                                  bank6        00000
__Hbank7                                  bank7        00000
__Hbank8                                  bank8        00000
__Hbank9                                  bank9        00000
__Hbigram                                 bigram       00000
__HbssBANK0                               bssBANK0     00000
__HbssCOMMON                              bssCOMMON    00000
__Hcinit                                  cinit        00062
__Hclrtext                                clrtext      00000
__Hcode                                   code         00000
__Hcommon                                 common       00000
__Hconfig                                 config       0800C
__HcstackBANK0                            cstackBANK0  00000
__HcstackCOMMON                           cstackCOMMON 00000
__HdataBANK0                              dataBANK0    00000
__HdataBANK1                              dataBANK1    00000
__Heeprom_data                            eeprom_data  00000
__Hend_init                               end_init     0003D
__Hfunctab                                functab      00000
__Hheap                                   heap         00000
__HidataBANK0                             idataBANK0   00000
__HidataBANK1                             idataBANK1   00000
__Hinit                                   init         0003B
__Hinittext                               inittext     00000
__Hintentry                               intentry     0003B
__Hmaintext                               maintext     00000
__Hpowerup                                powerup      00000
__Hram                                    ram          00000
__Hreset_vec                              reset_vec    00002
__Hsfr0                                   sfr0         00000
__Hsfr1                                   sfr1         00000
__Hsfr10                                  sfr10        00000
__Hsfr11                                  sfr11        00000
__Hsfr12                                  sfr12        00000
__Hsfr13                                  sfr13        00000
__Hsfr14                                  sfr14        00000
__Hsfr15                                  sfr15        00000
__Hsfr16                                  sfr16        00000
__Hsfr17                                  sfr17        00000
__Hsfr18                                  sfr18        00000
__Hsfr19                                  sfr19        00000
__Hsfr2                                   sfr2         00000
__Hsfr20                                  sfr20        00000
__Hsfr21                                  sfr21        00000
__Hsfr22                                  sfr22        00000
__Hsfr23                                  sfr23        00000
__Hsfr24                                  sfr24        00000
__Hsfr25                                  sfr25        00000
__Hsfr26                                  sfr26        00000
__Hsfr27                                  sfr27        00000
__Hsfr28                                  sfr28        00000
__Hsfr29                                  sfr29        00000
__Hsfr3                                   sfr3         00000
__Hsfr30                                  sfr30        00000
__Hsfr31                                  sfr31        00000
__Hsfr4                                   sfr4         00000
__Hsfr5                                   sfr5         00000
__Hsfr6                                   sfr6         00000
__Hsfr7                                   sfr7         00000
__Hsfr8                                   sfr8         00000
__Hsfr9                                   sfr9         00000
__Hsivt                                   sivt         0003B
__Hspace_0                                (abs)        004D0
__Hspace_1                                (abs)        000B0
__Hspace_2                                (abs)        00000
__Hspace_3                                (abs)        00000
__Hspace_4                                (abs)        10013
__Hstack                                  stack        00000
__Hstrings                                strings      00000
__Htext                                   text         00000
__L__absolute__                           __absolute__ 00000
__Labs1                                   abs1         00000
__Lbank0                                  bank0        00000
__Lbank1                                  bank1        00000
__Lbank10                                 bank10       00000
__Lbank11                                 bank11       00000
__Lbank12                                 bank12       00000
__Lbank13                                 bank13       00000
__Lbank14                                 bank14       00000
__Lbank15                                 bank15       00000
__Lbank16                                 bank16       00000
__Lbank17                                 bank17       00000
__Lbank18                                 bank18       00000
__Lbank19                                 bank19       00000
__Lbank2                                  bank2        00000
__Lbank20                                 bank20       00000
__Lbank21                                 bank21       00000
__Lbank22                                 bank22       00000
__Lbank23                                 bank23       00000
__Lbank24                                 bank24       00000
__Lbank25                                 bank25       00000
__Lbank26                                 bank26       00000
__Lbank27                                 bank27       00000
__Lbank28                                 bank28       00000
__Lbank29                                 bank29       00000
__Lbank3                                  bank3        00000
__Lbank30                                 bank30       00000
__Lbank31                                 bank31       00000
__Lbank4                                  bank4        00000
__Lbank5                                  bank5        00000
__Lbank6                                  bank6        00000
__Lbank7                                  bank7        00000
__Lbank8                                  bank8        00000
__Lbank9                                  bank9        00000
__Lbigram                                 bigram       00000
__LbssBANK0                               bssBANK0     00000
__LbssCOMMON                              bssCOMMON    00000
__Lcinit                                  cinit        0003D
__Lclrtext                                clrtext      00000
__Lcode                                   code         00000
__Lcommon                                 common       00000
__Lconfig                                 config       00000
__LcstackBANK0                            cstackBANK0  00000
__LcstackCOMMON                           cstackCOMMON 00000
__LdataBANK0                              dataBANK0    00000
__LdataBANK1                              dataBANK1    00000
__Leeprom_data                            eeprom_data  00000
__Lend_init                               end_init     0003B
__Lfunctab                                functab      00000
__Lheap                                   heap         00000
__LidataBANK0                             idataBANK0   00000
__LidataBANK1                             idataBANK1   00000
__Linit                                   init         0003B
__Linittext                               inittext     00000
__Lintentry                               intentry     00004
__Lmaintext                               maintext     00000
__Lpowerup                                powerup      00000
__Lram                                    ram          00000
__Lreset_vec                              reset_vec    00000
__Lsfr0                                   sfr0         00000
__Lsfr1                                   sfr1         00000
__Lsfr10                                  sfr10        00000
__Lsfr11                                  sfr11        00000
__Lsfr12                                  sfr12        00000
__Lsfr13                                  sfr13        00000
__Lsfr14                                  sfr14        00000
__Lsfr15                                  sfr15        00000
__Lsfr16                                  sfr16        00000
__Lsfr17                                  sfr17        00000
__Lsfr18                                  sfr18        00000
__Lsfr19                                  sfr19        00000
__Lsfr2                                   sfr2         00000
__Lsfr20                                  sfr20        00000
__Lsfr21                                  sfr21        00000
__Lsfr22                                  sfr22        00000
__Lsfr23                                  sfr23        00000
__Lsfr24                                  sfr24        00000
__Lsfr25                                  sfr25        00000
__Lsfr26                                  sfr26        00000
__Lsfr27                                  sfr27        00000
__Lsfr28                                  sfr28        00000
__Lsfr29                                  sfr29        00000
__Lsfr3                                   sfr3         00000
__Lsfr30                                  sfr30        00000
__Lsfr31                                  sfr31        00000
__Lsfr4                                   sfr4         00000
__Lsfr5                                   sfr5         00000
__Lsfr6                                   sfr6         00000
__Lsfr7                                   sfr7         00000
__Lsfr8                                   sfr8         00000
__Lsfr9                                   sfr9         00000
__Lsivt                                   sivt         0003B
__Lspace_0                                (abs)        00000
__Lspace_1                                (abs)        00000
__Lspace_2                                (abs)        00000
__Lspace_3                                (abs)        00000
__Lspace_4                                (abs)        00000
__Lstack                                  stack        00000
__Lstrings                                strings      00000
__Ltext                                   text         00000
__S0                                      (abs)        004D0
__S1                                      (abs)        000B0
__S3                                      (abs)        00000
___awdiv                                  text16       0013D
___awdiv@counter                          cstackBANK0  00044
___awdiv@dividend                         cstackCOMMON 00075
___awdiv@divisor                          cstackCOMMON 00073
___awdiv@quotient                         cstackBANK0  00046
___awdiv@sign                             cstackBANK0  00045
___heap_hi                                (abs)        00000
___heap_lo                                (abs)        00000
___int_sp                                 stack        00000
___int_stack_hi                           stack        00000
___int_stack_lo                           stack        00000
___latbits                                (abs)        00002
___lwdiv                                  text15       00219
___lwdiv@counter                          cstackCOMMON 00079
___lwdiv@dividend                         cstackCOMMON 00075
___lwdiv@divisor                          cstackCOMMON 00073
___lwdiv@quotient                         cstackCOMMON 00077
___lwmod                                  text14       0028B
___lwmod@counter                          cstackCOMMON 00077
___lwmod@dividend                         cstackCOMMON 00075
___lwmod@divisor                          cstackCOMMON 00073
___sp                                     stack        00000
___stack_hi                               stack        00000
___stack_lo                               stack        00000
___stackhi                                (abs)        00000
___stacklo                                (abs)        00000
__end_of_HAL_Clear                        text20       004A2
__end_of_HAL_Display_On                   text5        004CB
__end_of_HAL_I2C_Master_Transmit          text24       0043C
__end_of_HAL_LCD_Print                    text18       0031A
__end_of_HAL_LED_OFF                      text11       003A4
__end_of_HAL_Pulse_Enable                 text23       003FB
__end_of_HAL_Set_Cursor                   text17       003DF
__end_of_HAL_Set_Entry_Mode               text4        00413
__end_of_HAL_Write_Command                text21       00361
__end_of_HAL_Write_Data                   text19       00429
__end_of_HAL_Write_Init_Nibble            text6        00383
__end_of_I2C_start                        text27       004BA
__end_of_I2C_stop                         text26       004B3
__end_of_I2C_write                        text25       00484
__end_of_Joystick                         intentry     0003B
__end_of___awdiv                          text16       00199
__end_of___lwdiv                          text15       00253
__end_of___lwmod                          text14       002BD
__end_of__initialization                  cinit        0005E
__end_of__write_byte                      text22       00472
__end_of_alienFrequencyTask               text12       0013D
__end_of_configI2C                        text10       004AC
__end_of_configISR                        text9        004D0
__end_of_configPins                       text8        00219
__end_of_configUART1                      text7        00460
__end_of_init_LCD                         text3        0044E
__end_of_initialize_all                   text1        001DF
__end_of_initinit                         text2        002EE
__end_of_intToChar                        text13       0028B
__end_of_main                             maintext     003C2
__initialization                          cinit        0003D
__pbssBANK0                               bssBANK0     00058
__pbssCOMMON                              bssCOMMON    0007A
__pcstackBANK0                            cstackBANK0  00044
__pcstackCOMMON                           cstackCOMMON 00070
__pdataBANK0                              dataBANK0    00020
__pdataBANK1                              dataBANK1    000A0
__pidataBANK0                             idataBANK0   0031A
__pidataBANK1                             idataBANK1   00484
__pintentry                               intentry     00004
__pmaintext                               maintext     003A4
__ptext1                                  text1        00199
__ptext10                                 text10       004A2
__ptext11                                 text11       00383
__ptext12                                 text12       00062
__ptext13                                 text13       00253
__ptext14                                 text14       0028B
__ptext15                                 text15       00219
__ptext16                                 text16       0013D
__ptext17                                 text17       003C2
__ptext18                                 text18       002EE
__ptext19                                 text19       00413
__ptext2                                  text2        002BD
__ptext20                                 text20       00494
__ptext21                                 text21       0033E
__ptext22                                 text22       00460
__ptext23                                 text23       003DF
__ptext24                                 text24       00429
__ptext25                                 text25       00472
__ptext26                                 text26       004AC
__ptext27                                 text27       004B3
__ptext3                                  text3        0043C
__ptext4                                  text4        003FB
__ptext5                                  text5        004C6
__ptext6                                  text6        00361
__ptext7                                  text7        0044E
__ptext8                                  text8        001DF
__ptext9                                  text9        004CB
__write_byte                              text22       00460
__write_byte@byte                         cstackCOMMON 00078
_alienFrequencyTask                       text12       00062
_bf                                       bssCOMMON    0007A
_configI2C                                text10       004A2
_configISR                                text9        004CB
_configPins                               text8        001DF
_configUART1                              text7        0044E
_frequency                                bssBANK0     00064
_init_LCD                                 text3        0043C
_initialize_all                           text1        00199
_initinit                                 text2        002BD
_intToChar                                text13       00253
_main                                     maintext     003A4
alienFrequencyTask@counter                cstackBANK0  00055
alienFrequencyTask@freq_char              cstackBANK0  0004D
alienFrequencyTask@freq_digit             cstackBANK0  00051
alienFrequencyTask@i                      cstackBANK0  00056
btemp                                     (abs)        0007E
clear_ram0                                clrtext      004C0
end_of_initialization                     cinit        0005E
init_ram                                  inittext     004BA
int$flags                                 (abs)        0007E
intToChar@integer                         cstackCOMMON 00073
intlevel0                                 functab      00000
intlevel1                                 functab      00000
intlevel2                                 functab      00000
intlevel3                                 functab      00000
intlevel4                                 functab      00000
intlevel5                                 functab      00000
reset_vec                                 reset_vec    00000
start                                     init         0003B
start_initialization                      cinit        0003D
wtemp0                                    (abs)        0007E


MODULE INFORMATION

Module		Function		Class		Link	Load	Size
C:\Program Files\Microchip\xc8\v3.00\pic\sources\c99\common\lwmod.c
		___lwmod       		CODE           	028B	0000	50

C:\Program Files\Microchip\xc8\v3.00\pic\sources\c99\common\lwmod.c estimated size: 50

shared
		__initialization		CODE           	003D	0000	33

shared estimated size: 33

Rover_Main_Ver01.c
		_configUART1   		CODE           	044E	0000	18
		_I2C_stop      		CODE           	04AC	0000	7
		_initialize_all		CODE           	0199	0000	70
		_HAL_Pulse_Enable		CODE           	03DF	0000	28
		_HAL_I2C_Master_Transmit		CODE           	0429	0000	19
		_HAL_Write_Init_Nibble		CODE           	0361	0000	34
		_initinit      		CODE           	02BD	0000	49
		_HAL_LED_OFF   		CODE           	0383	0000	33
		_main          		CODE           	03A4	0000	30
		_HAL_Write_Command		CODE           	033E	0000	35
		_HAL_Write_Data		CODE           	0413	0000	22
		_I2C_start     		CODE           	04B3	0000	7
		_intToChar     		CODE           	0253	0000	56
		_Joystick      		CODE           	0004	0000	55
		_configPins    		CODE           	01DF	0000	58
		_init_LCD      		CODE           	043C	0000	18
		_alienFrequencyTask		CODE           	0062	0000	219
		__write_byte   		CODE           	0460	0000	18
		_HAL_LCD_Print 		CODE           	02EE	0000	44
		_configI2C     		CODE           	04A2	0000	10
		_configISR     		CODE           	04CB	0000	5
		_HAL_Set_Cursor		CODE           	03C2	0000	29
		_HAL_Set_Entry_Mode		CODE           	03FB	0000	24
		_HAL_Clear     		CODE           	0494	0000	14
		_HAL_Display_On		CODE           	04C6	0000	5
		_I2C_write     		CODE           	0472	0000	18

Rover_Main_Ver01.c estimated size: 925

C:\Program Files\Microchip\xc8\v3.00\pic\sources\c99\common\lwdiv.c
		___lwdiv       		CODE           	0219	0000	58

C:\Program Files\Microchip\xc8\v3.00\pic\sources\c99\common\lwdiv.c estimated size: 58

C:\Program Files\Microchip\xc8\v3.00\pic\sources\c99\common\awdiv.c
		___awdiv       		CODE           	013D	0000	92

C:\Program Files\Microchip\xc8\v3.00\pic\sources\c99\common\awdiv.c estimated size: 92

