Microchip MPLAB XC8 Compiler V3.00

Linker command line:

-W-3 \
  --edf=C:\Program Files\Microchip\xc8\v3.00\pic\dat\20241204225717_en.msgs \
  -cn \
  -h+dist/default/production\ECE3232_Rover_Main_Ver02_01-04-2025_Gr4.X.production.sym \
  --cmf=dist/default/production\ECE3232_Rover_Main_Ver02_01-04-2025_Gr4.X.production.cmf \
  -z -Q16F18855 -oC:\Users\tobyc\AppData\Local\Temp\xcAs8g0.\driver_tmp_3.o \
  --defsym=__MPLAB_BUILD=1 --fixupoverflow=error \
  -Mdist/default/production/ECE3232_Rover_Main_Ver02_01-04-2025_Gr4.X.production.map \
  --md=C:\Users\tobyc\AppData\Local\Temp\xcAs8g0.\driver_tmp_0.dat -E1 \
  -ver=XC8 Compiler -ACODE=00h-07FFhx4 -ASTRCODE=00h-01FFFh \
  -ASTRING=00h-0FFhx32 -ACONST=00h-0FFhx32 -AENTRY=00h-0FFhx32 \
  -ACOMMON=070h-07Fh -ABANK0=020h-06Fh -ABANK1=0A0h-0EFh \
  -ABANK2=0120h-016Fh -ABANK3=01A0h-01EFh -ABANK4=0220h-026Fh \
  -ABANK5=02A0h-02EFh -ABANK6=0320h-036Fh -ABANK7=03A0h-03EFh \
  -ABANK8=0420h-046Fh -ABANK9=04A0h-04EFh -ABANK10=0520h-056Fh \
  -ABANK11=05A0h-05EFh -ABANK12=0620h-064Fh -ABIGRAM=02000h-023EFh \
  -ARAM=020h-06Fh,0A0h-0EFh,0120h-016Fh,01A0h-01EFh,0220h-026Fh,02A0h-02EFh,0320h-036Fh,03A0h-03EFh,0420h-046Fh,04A0h-04EFh,0520h-056Fh,05A0h-05EFh,0620h-064Fh \
  -AABS1=020h-07Fh,0A0h-0EFh,0120h-016Fh,01A0h-01EFh,0220h-026Fh,02A0h-02EFh,0320h-036Fh,03A0h-03EFh,0420h-046Fh,04A0h-04EFh,0520h-056Fh,05A0h-05EFh,0620h-064Fh \
  -ASFR0=00h-01Fh -ASFR1=080h-09Fh -ASFR2=0100h-011Fh -ASFR3=0180h-019Fh \
  -ASFR4=0200h-021Fh -ASFR5=0280h-029Fh -ASFR6=0300h-031Fh \
  -ASFR7=0380h-039Fh -ASFR8=0400h-041Fh -ASFR9=0480h-049Fh \
  -ASFR10=0500h-051Fh -ASFR11=0580h-059Fh -ASFR12=0600h-061Fh \
  -ASFR13=0680h-06EFh -ASFR14=0700h-076Fh -ASFR15=0780h-07EFh \
  -ASFR16=0800h-086Fh -ASFR17=0880h-08EFh -ASFR18=0900h-096Fh \
  -ASFR19=0980h-09EFh -ASFR20=0A00h-0A6Fh -ASFR21=0A80h-0AEFh \
  -ASFR22=0B00h-0B6Fh -ASFR23=0B80h-0BEFh -ASFR24=0C00h-0C6Fh \
  -ASFR25=0C80h-0CEFh -ASFR26=0D00h-0D6Fh -ASFR27=0D80h-0DEFh \
  -ASFR28=0E00h-0E6Fh -ASFR29=0E80h-0EEFh -ASFR30=0F00h-0F6Fh \
  -ASFR31=0F80h-0FEFh -ACONFIG=08007h-0800Bh -DCONFIG=2 \
  -AIDLOC=08000h-08003h -DIDLOC=2 -AEEDATA=00h-0FFh/0F000h \
  -peeprom_data=EEDATA -DEEDATA=2 -DCODE=2 -DSTRCODE=2 -DSTRING=2 -DCONST=2 \
  -DENTRY=2 -preset_vec=00h,intentry=04h,sivt,init,end_init -ppowerup=CODE \
  -pcinit=CODE -pfunctab=ENTRY -k \
  C:\Users\tobyc\AppData\Local\Temp\xcAs8g0.\driver_tmp_15.o \
  dist/default/production\ECE3232_Rover_Main_Ver02_01-04-2025_Gr4.X.production.o 

Object code version is 3.11

Machine type is 16F18855



                Name                               Link     Load   Length Selector   Space Scale
C:\Users\tobyc\AppData\Local\Temp\xcAs8g0.\driver_tmp_15.o
                end_init                             2A       2A        2        8       0
                reset_vec                             0        0        2        0       0
                config                             8007     8007        5        0       4
dist/default/production\ECE3232_Rover_Main_Ver02_01-04-2025_Gr4.X.production.o
                cinit                                2C       2C       4A        8       0
                intentry                              4        4       26        8       0
                config                             8007     8007        5        0       4
                text41                             1BA1     1BA1        9     3742       0
                text40                             1C1A     1C1A       17     3834       0
                text39                             1BBF     1BBF       12     377E       0
                text38                             1CE0     1CE0       21     39C0       0
                text37                             1BAA     1BAA        A     3754       0
                text36                             1B7D     1B7D        5     36FA       0
                text35                             1D92     1D92       46     3B24       0
                text34                             1BD1     1BD1       12     37A2       0
                text33                             1B93     1B93        7     3726       0
                text32                             1B9A     1B9A        7     3734       0
                text31                             1000     1000       14     1520       0
                text30                             1C07     1C07       13     380E       0
                text29                             1C49     1C49       1C     3892       0
                text28                             1D01     1D01       21     3A02       0
                text27                             1BE3     1BE3       12     37C6       0
                text26                             1C82     1C82       1F     3904       0
                text25                              803      803        C     1006       0
                text24                             1B82     1B82        5     3704       0
                text23                             1C31     1C31       18     3862       0
                text22                             1BF5     1BF5       12     37EA       0
                text21                             1D58     1D58       3A     3AB0       0
                text20                             1E20     1E20       49     3C40       0
                text19                             1EB7     1EB7       5B     3D6E       0
                text18                             1165     1165       E5     22CA       0
                text17                             1014     1014       21     2028       0
                text16                             1C65     1C65       1D     38CA       0
                text15                             1035     1035       8B     206A       0
                text14                             1F12     1F12       6F     3E24       0
                text13                             1CA1     1CA1       1F     3942       0
                text12                             10C0     10C0       A5     2180       0
                text11                             124A     124A      1A4     2494       0
                text10                              7CC      7CC       23        8       0
                text9                               831      831      25F     1062       0
                text8                              1BB4     1BB4        B     3768       0
                text7                              15F4     15F4      20C     2BE8       0
                text6                              1D22     1D22       36     3A44       0
                text5                              1F81     1F81       7F     3F02       0
                text4                               80F      80F       22     101E       0
                text3                               A90      A90      570     1520       0
                text2                              13EE     13EE      206     27DC       0
                text1                                76       76      756        8       0
                maintext                           1E69     1E69       4E     3CD2       0
                cstackBANK0                          20       20       50       20       1
                cstackCOMMON                         70       70        C       70       1
                cstackBANK1                          A0       A0       48       A0       1
                cstackBANK2                         120      120       2C      120       1
                clrtext                            1B87     1B87        6     370E       0
                inittext                           1B8D     1B8D        6     371A       0
                dataBANK5                           2A0      2A0       10      2A0       1
                dataBANK4                           220      220       48      220       1
                dataBANK3                           1CA      1CA       20      1A0       1
                bssBANK3                            1A0      1A0       2A      1A0       1
                dataBANK2                           16E      16E        2      120       1
                bssBANK2                            14C      14C       22      120       1
                bssBANK1                             E8       E8        8       A0       1
                bssCOMMON                            7C       7C        1       70       1
                stringtext7                        1830     1830        4     3000       0
                stringtext6                        182C     182C        4     3000       0
                stringtext5                        1828     1828        4     3000       0
                stringtext4                        1824     1824        4     3000       0
                stringtext3                        1820     1820        4     3000       0
                stringtext2                        1810     1810       10     3000       0
                stringtext1                        1800     1800       10     3000       0
                idataBANK5                          7EF      7EF       10        8       0
                idataBANK4                         1DD8     1DD8       48     3BB0       0
                idataBANK3                         1CC0     1CC0       20     3980       0
                idataBANK2                            2        2        2        0       0

TOTAL           Name                               Link     Load   Length     Space
        CLASS   CODE           
                end_init                             2A       2A        2         0
                cinit                                2C       2C       4A         0
                intentry                              4        4       26         0
                reset_vec                             0        0        2         0
                text41                             1BA1     1BA1        9         0
                text40                             1C1A     1C1A       17         0
                text39                             1BBF     1BBF       12         0
                text38                             1CE0     1CE0       21         0
                text37                             1BAA     1BAA        A         0
                text36                             1B7D     1B7D        5         0
                text35                             1D92     1D92       46         0
                text34                             1BD1     1BD1       12         0
                text33                             1B93     1B93        7         0
                text32                             1B9A     1B9A        7         0
                text31                             1000     1000       14         0
                text30                             1C07     1C07       13         0
                text29                             1C49     1C49       1C         0
                text28                             1D01     1D01       21         0
                text27                             1BE3     1BE3       12         0
                text26                             1C82     1C82       1F         0
                text25                              803      803        C         0
                text24                             1B82     1B82        5         0
                text23                             1C31     1C31       18         0
                text22                             1BF5     1BF5       12         0
                text21                             1D58     1D58       3A         0
                text20                             1E20     1E20       49         0
                text19                             1EB7     1EB7       5B         0
                text18                             1165     1165       E5         0
                text17                             1014     1014       21         0
                text16                             1C65     1C65       1D         0
                text15                             1035     1035       8B         0
                text14                             1F12     1F12       6F         0
                text13                             1CA1     1CA1       1F         0
                text12                             10C0     10C0       A5         0
                text11                             124A     124A      1A4         0
                text10                              7CC      7CC       23         0
                text9                               831      831      25F         0
                text8                              1BB4     1BB4        B         0
                text7                              15F4     15F4      20C         0
                text6                              1D22     1D22       36         0
                text5                              1F81     1F81       7F         0
                text4                               80F      80F       22         0
                text3                               A90      A90      570         0
                text2                              13EE     13EE      206         0
                text1                                76       76      756         0
                maintext                           1E69     1E69       4E         0
                clrtext                            1B87     1B87        6         0
                inittext                           1B8D     1B8D        6         0
                idataBANK5                          7EF      7EF       10         0
                idataBANK4                         1DD8     1DD8       48         0
                idataBANK3                         1CC0     1CC0       20         0
                idataBANK2                            2        2        2         0

        CLASS   STRCODE        
                stringtext7                        1830     1830        4         0
                stringtext6                        182C     182C        4         0
                stringtext5                        1828     1828        4         0
                stringtext4                        1824     1824        4         0
                stringtext3                        1820     1820        4         0
                stringtext2                        1810     1810       10         0
                stringtext1                        1800     1800       10         0

        CLASS   STRING         

        CLASS   CONST          

        CLASS   ENTRY          

        CLASS   COMMON         
                cstackCOMMON                         70       70        C         1
                bssCOMMON                            7C       7C        1         1

        CLASS   BANK0          
                cstackBANK0                          20       20       50         1

        CLASS   BANK1          
                cstackBANK1                          A0       A0       48         1
                bssBANK1                             E8       E8        8         1

        CLASS   BANK2          
                cstackBANK2                         120      120       2C         1
                dataBANK2                           16E      16E        2         1
                bssBANK2                            14C      14C       22         1

        CLASS   BANK3          
                dataBANK3                           1CA      1CA       20         1
                bssBANK3                            1A0      1A0       2A         1

        CLASS   BANK4          
                dataBANK4                           220      220       48         1

        CLASS   BANK5          
                dataBANK5                           2A0      2A0       10         1

        CLASS   BANK6          

        CLASS   BANK7          

        CLASS   BANK8          

        CLASS   BANK9          

        CLASS   BANK10         

        CLASS   BANK11         

        CLASS   BANK12         

        CLASS   BIGRAM         

        CLASS   RAM            

        CLASS   ABS1           
                abs_s1                               7E       7E        2         1

        CLASS   SFR0           

        CLASS   SFR1           

        CLASS   SFR2           

        CLASS   SFR3           

        CLASS   SFR4           

        CLASS   SFR5           

        CLASS   SFR6           

        CLASS   SFR7           

        CLASS   SFR8           

        CLASS   SFR9           

        CLASS   SFR10          

        CLASS   SFR11          

        CLASS   SFR12          

        CLASS   SFR13          

        CLASS   SFR14          

        CLASS   SFR15          

        CLASS   SFR16          

        CLASS   SFR17          

        CLASS   SFR18          

        CLASS   SFR19          

        CLASS   SFR20          

        CLASS   SFR21          

        CLASS   SFR22          

        CLASS   SFR23          

        CLASS   SFR24          

        CLASS   SFR25          

        CLASS   SFR26          

        CLASS   SFR27          

        CLASS   SFR28          

        CLASS   SFR29          

        CLASS   SFR30          

        CLASS   SFR31          

        CLASS   CONFIG         
                config                             8007     8007        5         4

        CLASS   IDLOC          

        CLASS   EEDATA         

        CLASS   BANK31         

        CLASS   BANK30         

        CLASS   BANK29         

        CLASS   BANK28         

        CLASS   BANK27         

        CLASS   BANK26         

        CLASS   BANK25         

        CLASS   BANK24         

        CLASS   BANK23         

        CLASS   BANK22         

        CLASS   BANK21         

        CLASS   BANK20         

        CLASS   BANK19         

        CLASS   BANK18         

        CLASS   BANK17         

        CLASS   BANK16         

        CLASS   BANK15         

        CLASS   BANK14         

        CLASS   BANK13         

        CLASS   HEAP           

        CLASS   STACK          



SEGMENTS        Name                           Load    Length   Top    Selector   Space  Class     Delta

                reset_vec                      000000  000004  000004         0       0  CODE        2
                intentry                       000004  0007FB  0007FF         8       0  CODE        2
                cstackBANK0                    000020  000050  000070        20       1  BANK0       1
                cstackCOMMON                   000070  00000D  00007D        70       1  COMMON      1
                cstackBANK1                    0000A0  000050  0000F0        A0       1  BANK1       1
                cstackBANK2                    000120  000050  000170       120       1  BANK2       1
                bssBANK3                       0001A0  00004A  0001EA       1A0       1  BANK3       1
                dataBANK4                      000220  000048  000268       220       1  BANK4       1
                dataBANK5                      0002A0  000010  0002B0       2A0       1  BANK5       1
                text25                         000803  00000C  00080F      1006       0  CODE        2
                text4                          00080F  000022  000831      101E       0  CODE        2
                text9                          000831  00025F  000A90      1062       0  CODE        2
                text3                          000A90  000584  001014      1520       0  CODE        2
                text17                         001014  000021  001035      2028       0  CODE        2
                text15                         001035  00008B  0010C0      206A       0  CODE        2
                text12                         0010C0  0000A5  001165      2180       0  CODE        2
                text18                         001165  0000E5  00124A      22CA       0  CODE        2
                text11                         00124A  0001A4  0013EE      2494       0  CODE        2
                text2                          0013EE  000206  0015F4      27DC       0  CODE        2
                text7                          0015F4  00020C  001800      2BE8       0  CODE        2
                stringtext1                    001800  000034  001834      3000       0  STRCODE     2
                text36                         001B7D  000005  001B82      36FA       0  CODE        2
                text24                         001B82  000005  001B87      3704       0  CODE        2
                clrtext                        001B87  000006  001B8D      370E       0  CODE        2
                inittext                       001B8D  000006  001B93      371A       0  CODE        2
                text33                         001B93  000007  001B9A      3726       0  CODE        2
                text32                         001B9A  000007  001BA1      3734       0  CODE        2
                text41                         001BA1  000009  001BAA      3742       0  CODE        2
                text37                         001BAA  00000A  001BB4      3754       0  CODE        2
                text8                          001BB4  00000B  001BBF      3768       0  CODE        2
                text39                         001BBF  000012  001BD1      377E       0  CODE        2
                text34                         001BD1  000012  001BE3      37A2       0  CODE        2
                text27                         001BE3  000012  001BF5      37C6       0  CODE        2
                text22                         001BF5  000012  001C07      37EA       0  CODE        2
                text30                         001C07  000013  001C1A      380E       0  CODE        2
                text40                         001C1A  000017  001C31      3834       0  CODE        2
                text23                         001C31  000018  001C49      3862       0  CODE        2
                text29                         001C49  00001C  001C65      3892       0  CODE        2
                text16                         001C65  00001D  001C82      38CA       0  CODE        2
                text26                         001C82  00001F  001CA1      3904       0  CODE        2
                text13                         001CA1  00001F  001CC0      3942       0  CODE        2
                idataBANK3                     001CC0  000020  001CE0      3980       0  CODE        2
                text38                         001CE0  000021  001D01      39C0       0  CODE        2
                text28                         001D01  000021  001D22      3A02       0  CODE        2
                text6                          001D22  000036  001D58      3A44       0  CODE        2
                text21                         001D58  00003A  001D92      3AB0       0  CODE        2
                text35                         001D92  000046  001DD8      3B24       0  CODE        2
                idataBANK4                     001DD8  000048  001E20      3BB0       0  CODE        2
                text20                         001E20  000049  001E69      3C40       0  CODE        2
                maintext                       001E69  00004E  001EB7      3CD2       0  CODE        2
                text19                         001EB7  00005B  001F12      3D6E       0  CODE        2
                text14                         001F12  00006F  001F81      3E24       0  CODE        2
                text5                          001F81  00007F  002000      3F02       0  CODE        2


UNUSED ADDRESS RANGES

        Name                Unused          Largest block    Delta
        BANK10           00520-0056F              50           1
        BANK11           005A0-005EF              50           1
        BANK12           00620-0064F              30           1
        BANK3            001EA-001EF               6           1
        BANK4            00268-0026F               8           1
        BANK5            002B0-002EF              40           1
        BANK6            00320-0036F              50           1
        BANK7            003A0-003EF              50           1
        BANK8            00420-0046F              50           1
        BANK9            004A0-004EF              50           1
        BIGRAM           02000-023EF             3F0           1
        CODE             007FF-00802               1           2
                         01834-01B7C             349
        COMMON           0007D-0007D               1           1
        CONST            007FF-00802               1           2
                         01834-01B7C             100
        EEDATA           0F000-0F0FF             100           2
        ENTRY            007FF-00802               1           2
                         01834-01B7C             100
        IDLOC            08000-08003               4           2
        RAM              001EA-001EF               6           1
                         00268-0026F               8
                         002B0-002EF              40
                         00320-0036F              50
                         003A0-003EF              50
                         00420-0046F              50
                         004A0-004EF              50
                         00520-0056F              50
                         005A0-005EF              50
                         00620-0064F              30
        SFR0             00000-0001F              20           1
        SFR1             00080-0009F              20           1
        SFR10            00500-0051F              20           1
        SFR11            00580-0059F              20           1
        SFR12            00600-0061F              20           1
        SFR13            00680-006EF              70           1
        SFR14            00700-0076F              70           1
        SFR15            00780-007EF              70           1
        SFR16            00800-0086F              70           1
        SFR17            00880-008EF              70           1
        SFR18            00900-0096F              70           1
        SFR19            00980-009EF              70           1
        SFR2             00100-0011F              20           1
        SFR20            00A00-00A6F              70           1
        SFR21            00A80-00AEF              70           1
        SFR22            00B00-00B6F              70           1
        SFR23            00B80-00BEF              70           1
        SFR24            00C00-00C6F              70           1
        SFR25            00C80-00CEF              70           1
        SFR26            00D00-00D6F              70           1
        SFR27            00D80-00DEF              70           1
        SFR28            00E00-00E6F              70           1
        SFR29            00E80-00EEF              70           1
        SFR3             00180-0019F              20           1
        SFR30            00F00-00F6F              70           1
        SFR31            00F80-00FEF              70           1
        SFR4             00200-0021F              20           1
        SFR5             00280-0029F              20           1
        SFR6             00300-0031F              20           1
        SFR7             00380-0039F              20           1
        SFR8             00400-0041F              20           1
        SFR9             00480-0049F              20           1
        STRCODE          007FF-00802               4           2
                         01834-01B7C             349
        STRING           007FF-00802               1           2
                         01834-01B7C             100

                                  Symbol Table

?__Umul8_16                               cstackCOMMON 00071
?___awdiv                                 cstackCOMMON 00071
?___fladd                                 cstackBANK0  00052
?___fldiv                                 cstackBANK1  000B2
?___flmul                                 cstackBANK0  00066
?___flneg                                 cstackCOMMON 00071
?___flsub                                 cstackBANK1  000A0
?___fltol                                 cstackBANK0  00066
?___fpclassifyf                           cstackCOMMON 00071
?___wmul                                  cstackCOMMON 00071
?___xxtofl                                cstackCOMMON 00077
?_atanf                                   cstackBANK1  000CC
?_fabsf                                   cstackCOMMON 00071
?_sqrtf                                   cstackBANK0  0002A
Flysky@message                            cstackCOMMON 00075
HAL_I2C_Master_Transmit@dataByte          cstackCOMMON 00072
HAL_I2C_Master_Transmit@numberOfDataBytes cstackCOMMON 00073
HAL_I2C_Master_Transmit@slaveAddress      cstackCOMMON 00074
HAL_LED_OFF@LED                           cstackCOMMON 00071
HAL_LED_ON@LED                            cstackCOMMON 00071
HAL_Pulse_Enable@byte                     cstackCOMMON 00075
HAL_Set_Entry_Mode@entry_mode             cstackCOMMON 00079
HAL_Set_Entry_Mode@inc                    cstackBANK0  00020
HAL_Set_Entry_Mode@shift                  cstackBANK0  00022
HAL_Write_Command@cmd                     cstackCOMMON 00078
HAL_Write_Init_Nibble@byte                cstackCOMMON 00079
HAL_Write_Init_Nibble@nibble              cstackCOMMON 00078
I2C_write@data                            cstackCOMMON 00071
MotorSettings@message                     cstackBANK1  000A3
MotorSettings@motorA                      cstackBANK1  000AD
MotorSettings@motorA_pwm                  cstackBANK1  000A0
MotorSettings@motorB                      cstackBANK1  000A1
MotorSettings@motorB_pwm                  cstackBANK1  000A2
UART_SendBuffer@buffer                    cstackCOMMON 00072
UART_SendBuffer@i                         cstackCOMMON 00074
UART_SendBuffer@length                    cstackCOMMON 00073
UART_sendData@byte                        cstackCOMMON 00071
_ANSELAbits                               (abs)        00F38
_ANSELBbits                               (abs)        00F43
_ANSELCbits                               (abs)        00F4E
_BAUD1CONbits                             (abs)        0011F
_BRG16                                    (abs)        008FB
_BRGH                                     (abs)        008F2
_FFT_Home1                                dataBANK4    00258
_FFT_Home2                                dataBANK4    00248
_FFT_Result1                              dataBANK3    001DC
_FFT_Result2                              dataBANK3    001E7
_Flysky                                   text39       01BBF
_HAL_Clear                                text25       00803
_HAL_Display_On                           text24       01B82
_HAL_I2C_Master_Transmit                  text30       01C07
_HAL_LED_OFF                              text38       01CE0
_HAL_LED_ON                               text17       01014
_HAL_Pulse_Enable                         text29       01C49
_HAL_Set_Entry_Mode                       text23       01C31
_HAL_Write_Command                        text26       01C82
_HAL_Write_Init_Nibble                    text28       01D01
_I2C_start                                text33       01B93
_I2C_stop                                 text32       01B9A
_I2C_write                                text31       01000
_INTCONbits                               (abs)        0000B
_ISR                                      intentry     00004
_LATAbits                                 (abs)        00016
_LATBbits                                 (abs)        00017
_LCD                                      bssBANK2     0014C
_MotorSettings                            text16       01C65
_ODCONBbits                               (abs)        00F45
_PIE3bits                                 (abs)        00719
_PIR3bits                                 (abs)        0070F
_PORTBbits                                (abs)        0000D
_PPSLOCKbits                              (abs)        00E8F
_RC1REG                                   (abs)        00119
_RC1STAbits                               (abs)        0011D
_RC3PPS                                   (abs)        00F23
_RC4PPS                                   (abs)        00F24
_RC5PPS                                   (abs)        00F25
_SP1BRGH                                  (abs)        0011C
_SP1BRGL                                  (abs)        0011B
_SSP2ADDbits                              (abs)        00197
_SSP2BUF                                  (abs)        00196
_SSP2CLKPPSbits                           (abs)        00EC8
_SSP2CON1bits                             (abs)        0019A
_SSP2CON2bits                             (abs)        0019B
_SSP2DATPPSbits                           (abs)        00EC9
_SSP2STATbits                             (abs)        00199
_TRISAbits                                (abs)        00011
_TRISBbits                                (abs)        00012
_TRISCbits                                (abs)        00013
_TX1REG                                   (abs)        0011A
_TX1STAbits                               (abs)        0011E
_UART_Not_Recieved                        bssCOMMON    0007C
_UART_SendBuffer                          text40       01C1A
_UART_sendData                            text41       01BA1
_WPUBbits                                 (abs)        00F44
__H__absolute__                           __absolute__ 00000
__Habs1                                   abs1         00000
__Hbank0                                  bank0        00000
__Hbank1                                  bank1        00000
__Hbank10                                 bank10       00000
__Hbank11                                 bank11       00000
__Hbank12                                 bank12       00000
__Hbank13                                 bank13       00000
__Hbank14                                 bank14       00000
__Hbank15                                 bank15       00000
__Hbank16                                 bank16       00000
__Hbank17                                 bank17       00000
__Hbank18                                 bank18       00000
__Hbank19                                 bank19       00000
__Hbank2                                  bank2        00000
__Hbank20                                 bank20       00000
__Hbank21                                 bank21       00000
__Hbank22                                 bank22       00000
__Hbank23                                 bank23       00000
__Hbank24                                 bank24       00000
__Hbank25                                 bank25       00000
__Hbank26                                 bank26       00000
__Hbank27                                 bank27       00000
__Hbank28                                 bank28       00000
__Hbank29                                 bank29       00000
__Hbank3                                  bank3        00000
__Hbank30                                 bank30       00000
__Hbank31                                 bank31       00000
__Hbank4                                  bank4        00000
__Hbank5                                  bank5        00000
__Hbank6                                  bank6        00000
__Hbank7                                  bank7        00000
__Hbank8                                  bank8        00000
__Hbank9                                  bank9        00000
__Hbigram                                 bigram       00000
__HbssBANK1                               bssBANK1     00000
__HbssBANK2                               bssBANK2     00000
__HbssBANK3                               bssBANK3     00000
__HbssCOMMON                              bssCOMMON    00000
__Hcinit                                  cinit        00076
__Hclrtext                                clrtext      00000
__Hcode                                   code         00000
__Hcommon                                 common       00000
__Hconfig                                 config       0800C
__HcstackBANK0                            cstackBANK0  00000
__HcstackBANK1                            cstackBANK1  00000
__HcstackBANK2                            cstackBANK2  00000
__HcstackCOMMON                           cstackCOMMON 00000
__HdataBANK2                              dataBANK2    00000
__HdataBANK3                              dataBANK3    00000
__HdataBANK4                              dataBANK4    00000
__HdataBANK5                              dataBANK5    00000
__Heeprom_data                            eeprom_data  00000
__Hend_init                               end_init     0002C
__Hfunctab                                functab      00000
__Hheap                                   heap         00000
__HidataBANK2                             idataBANK2   00000
__HidataBANK3                             idataBANK3   00000
__HidataBANK4                             idataBANK4   00000
__HidataBANK5                             idataBANK5   00000
__Hinit                                   init         0002A
__Hinittext                               inittext     00000
__Hintentry                               intentry     0002A
__Hmaintext                               maintext     00000
__Hpowerup                                powerup      00000
__Hram                                    ram          00000
__Hreset_vec                              reset_vec    00002
__Hsfr0                                   sfr0         00000
__Hsfr1                                   sfr1         00000
__Hsfr10                                  sfr10        00000
__Hsfr11                                  sfr11        00000
__Hsfr12                                  sfr12        00000
__Hsfr13                                  sfr13        00000
__Hsfr14                                  sfr14        00000
__Hsfr15                                  sfr15        00000
__Hsfr16                                  sfr16        00000
__Hsfr17                                  sfr17        00000
__Hsfr18                                  sfr18        00000
__Hsfr19                                  sfr19        00000
__Hsfr2                                   sfr2         00000
__Hsfr20                                  sfr20        00000
__Hsfr21                                  sfr21        00000
__Hsfr22                                  sfr22        00000
__Hsfr23                                  sfr23        00000
__Hsfr24                                  sfr24        00000
__Hsfr25                                  sfr25        00000
__Hsfr26                                  sfr26        00000
__Hsfr27                                  sfr27        00000
__Hsfr28                                  sfr28        00000
__Hsfr29                                  sfr29        00000
__Hsfr3                                   sfr3         00000
__Hsfr30                                  sfr30        00000
__Hsfr31                                  sfr31        00000
__Hsfr4                                   sfr4         00000
__Hsfr5                                   sfr5         00000
__Hsfr6                                   sfr6         00000
__Hsfr7                                   sfr7         00000
__Hsfr8                                   sfr8         00000
__Hsfr9                                   sfr9         00000
__Hsivt                                   sivt         0002A
__Hspace_0                                (abs)        02000
__Hspace_1                                (abs)        002B0
__Hspace_2                                (abs)        00000
__Hspace_3                                (abs)        00000
__Hspace_4                                (abs)        10013
__Hstack                                  stack        00000
__Hstrings                                strings      00000
__Hstringtext1                            stringtext1  00000
__Hstringtext2                            stringtext2  00000
__Hstringtext3                            stringtext3  00000
__Hstringtext4                            stringtext4  00000
__Hstringtext5                            stringtext5  00000
__Hstringtext6                            stringtext6  00000
__Hstringtext7                            stringtext7  00000
__Htext                                   text         00000
__L__absolute__                           __absolute__ 00000
__Labs1                                   abs1         00000
__Lbank0                                  bank0        00000
__Lbank1                                  bank1        00000
__Lbank10                                 bank10       00000
__Lbank11                                 bank11       00000
__Lbank12                                 bank12       00000
__Lbank13                                 bank13       00000
__Lbank14                                 bank14       00000
__Lbank15                                 bank15       00000
__Lbank16                                 bank16       00000
__Lbank17                                 bank17       00000
__Lbank18                                 bank18       00000
__Lbank19                                 bank19       00000
__Lbank2                                  bank2        00000
__Lbank20                                 bank20       00000
__Lbank21                                 bank21       00000
__Lbank22                                 bank22       00000
__Lbank23                                 bank23       00000
__Lbank24                                 bank24       00000
__Lbank25                                 bank25       00000
__Lbank26                                 bank26       00000
__Lbank27                                 bank27       00000
__Lbank28                                 bank28       00000
__Lbank29                                 bank29       00000
__Lbank3                                  bank3        00000
__Lbank30                                 bank30       00000
__Lbank31                                 bank31       00000
__Lbank4                                  bank4        00000
__Lbank5                                  bank5        00000
__Lbank6                                  bank6        00000
__Lbank7                                  bank7        00000
__Lbank8                                  bank8        00000
__Lbank9                                  bank9        00000
__Lbigram                                 bigram       00000
__LbssBANK1                               bssBANK1     00000
__LbssBANK2                               bssBANK2     00000
__LbssBANK3                               bssBANK3     00000
__LbssCOMMON                              bssCOMMON    00000
__Lcinit                                  cinit        0002C
__Lclrtext                                clrtext      00000
__Lcode                                   code         00000
__Lcommon                                 common       00000
__Lconfig                                 config       00000
__LcstackBANK0                            cstackBANK0  00000
__LcstackBANK1                            cstackBANK1  00000
__LcstackBANK2                            cstackBANK2  00000
__LcstackCOMMON                           cstackCOMMON 00000
__LdataBANK2                              dataBANK2    00000
__LdataBANK3                              dataBANK3    00000
__LdataBANK4                              dataBANK4    00000
__LdataBANK5                              dataBANK5    00000
__Leeprom_data                            eeprom_data  00000
__Lend_init                               end_init     0002A
__Lfunctab                                functab      00000
__Lheap                                   heap         00000
__LidataBANK2                             idataBANK2   00000
__LidataBANK3                             idataBANK3   00000
__LidataBANK4                             idataBANK4   00000
__LidataBANK5                             idataBANK5   00000
__Linit                                   init         0002A
__Linittext                               inittext     00000
__Lintentry                               intentry     00004
__Lmaintext                               maintext     00000
__Lpowerup                                powerup      00000
__Lram                                    ram          00000
__Lreset_vec                              reset_vec    00000
__Lsfr0                                   sfr0         00000
__Lsfr1                                   sfr1         00000
__Lsfr10                                  sfr10        00000
__Lsfr11                                  sfr11        00000
__Lsfr12                                  sfr12        00000
__Lsfr13                                  sfr13        00000
__Lsfr14                                  sfr14        00000
__Lsfr15                                  sfr15        00000
__Lsfr16                                  sfr16        00000
__Lsfr17                                  sfr17        00000
__Lsfr18                                  sfr18        00000
__Lsfr19                                  sfr19        00000
__Lsfr2                                   sfr2         00000
__Lsfr20                                  sfr20        00000
__Lsfr21                                  sfr21        00000
__Lsfr22                                  sfr22        00000
__Lsfr23                                  sfr23        00000
__Lsfr24                                  sfr24        00000
__Lsfr25                                  sfr25        00000
__Lsfr26                                  sfr26        00000
__Lsfr27                                  sfr27        00000
__Lsfr28                                  sfr28        00000
__Lsfr29                                  sfr29        00000
__Lsfr3                                   sfr3         00000
__Lsfr30                                  sfr30        00000
__Lsfr31                                  sfr31        00000
__Lsfr4                                   sfr4         00000
__Lsfr5                                   sfr5         00000
__Lsfr6                                   sfr6         00000
__Lsfr7                                   sfr7         00000
__Lsfr8                                   sfr8         00000
__Lsfr9                                   sfr9         00000
__Lsivt                                   sivt         0002A
__Lspace_0                                (abs)        00000
__Lspace_1                                (abs)        00000
__Lspace_2                                (abs)        00000
__Lspace_3                                (abs)        00000
__Lspace_4                                (abs)        00000
__Lstack                                  stack        00000
__Lstrings                                strings      00000
__Lstringtext1                            stringtext1  00000
__Lstringtext2                            stringtext2  00000
__Lstringtext3                            stringtext3  00000
__Lstringtext4                            stringtext4  00000
__Lstringtext5                            stringtext5  00000
__Lstringtext6                            stringtext6  00000
__Lstringtext7                            stringtext7  00000
__Ltext                                   text         00000
__S0                                      (abs)        02000
__S1                                      (abs)        002B0
__S3                                      (abs)        00000
__Umul8_16                                text10       007CC
__Umul8_16@multiplicand                   cstackCOMMON 00071
__Umul8_16@multiplier                     cstackCOMMON 00079
__Umul8_16@product                        cstackCOMMON 00075
__Umul8_16@word_mpld                      cstackCOMMON 00077
___awdiv                                  text19       01EB7
___awdiv@counter                          cstackCOMMON 00075
___awdiv@dividend                         cstackCOMMON 00073
___awdiv@divisor                          cstackCOMMON 00071
___awdiv@quotient                         cstackCOMMON 00077
___awdiv@sign                             cstackCOMMON 00076
___fladd                                  text7        015F4
___fladd@a                                cstackBANK0  00056
___fladd@aexp                             cstackBANK0  00063
___fladd@b                                cstackBANK0  00052
___fladd@bexp                             cstackBANK0  00064
___fladd@grs                              cstackBANK0  00065
___fladd@signs                            cstackBANK0  00062
___fldiv                                  text11       0124A
___fldiv@a                                cstackBANK1  000B2
___fldiv@aexp                             cstackBANK1  000CB
___fldiv@b                                cstackBANK1  000B6
___fldiv@bexp                             cstackBANK1  000CA
___fldiv@grs                              cstackBANK1  000C6
___fldiv@new_exp                          cstackBANK1  000C4
___fldiv@rem                              cstackBANK1  000BF
___fldiv@sign                             cstackBANK1  000C3
___flge                                   text15       01035
___flge@ff1                               cstackCOMMON 00071
___flge@ff2                               cstackCOMMON 00075
___flmul                                  text9        00831
___flmul@a                                cstackBANK0  0006A
___flmul@aexp                             cstackBANK1  000AA
___flmul@b                                cstackBANK0  00066
___flmul@bexp                             cstackBANK1  000AB
___flmul@grs                              cstackBANK1  000A6
___flmul@prod                             cstackBANK1  000AC
___flmul@sign                             cstackBANK1  000A5
___flmul@temp                             cstackBANK1  000B0
___flneg                                  text8        01BB4
___flneg@f1                               cstackCOMMON 00071
___flsub                                  text6        01D22
___flsub@a                                cstackBANK1  000A0
___flsub@b                                cstackBANK1  000A4
___fltol                                  text14       01F12
___fltol@exp1                             cstackBANK0  0006F
___fltol@f1                               cstackBANK0  00066
___fltol@sign1                            cstackBANK0  0006E
___fpclassifyf                            text5        01F81
___fpclassifyf@F465                       bssBANK3     001C6
___fpclassifyf@e                          cstackBANK0  00020
___fpclassifyf@u                          cstackBANK0  00022
___fpclassifyf@x                          cstackCOMMON 00071
___heap_hi                                (abs)        00000
___heap_lo                                (abs)        00000
___int_sp                                 stack        00000
___int_stack_hi                           stack        00000
___int_stack_lo                           stack        00000
___latbits                                (abs)        00002
___sp                                     stack        00000
___stack_hi                               stack        00000
___stack_lo                               stack        00000
___stackhi                                (abs)        00000
___stacklo                                (abs)        00000
___wmul                                   text13       01CA1
___wmul@multiplicand                      cstackCOMMON 00073
___wmul@multiplier                        cstackCOMMON 00071
___wmul@product                           cstackCOMMON 00075
___xxtofl                                 text12       010C0
___xxtofl@arg                             cstackBANK0  00026
___xxtofl@exp                             cstackBANK0  00025
___xxtofl@sign                            cstackBANK0  00024
___xxtofl@val                             cstackCOMMON 00077
__end_of_Flysky                           text39       01BD1
__end_of_HAL_Clear                        text25       0080F
__end_of_HAL_Display_On                   text24       01B87
__end_of_HAL_I2C_Master_Transmit          text30       01C1A
__end_of_HAL_LED_OFF                      text38       01D01
__end_of_HAL_LED_ON                       text17       01035
__end_of_HAL_Pulse_Enable                 text29       01C65
__end_of_HAL_Set_Entry_Mode               text23       01C49
__end_of_HAL_Write_Command                text26       01CA1
__end_of_HAL_Write_Init_Nibble            text28       01D22
__end_of_I2C_start                        text33       01B9A
__end_of_I2C_stop                         text32       01BA1
__end_of_I2C_write                        text31       01014
__end_of_ISR                              intentry     0002A
__end_of_MotorSettings                    text16       01C82
__end_of_UART_SendBuffer                  text40       01C31
__end_of_UART_sendData                    text41       01BAA
__end_of__Umul8_16                        text10       007EF
__end_of___awdiv                          text19       01F12
__end_of___fladd                          text7        01800
__end_of___fldiv                          text11       013EE
__end_of___flge                           text15       010C0
__end_of___flmul                          text9        00A90
__end_of___flneg                          text8        01BBF
__end_of___flsub                          text6        01D58
__end_of___fltol                          text14       01F81
__end_of___fpclassifyf                    text5        02000
__end_of___wmul                           text13       01CC0
__end_of___xxtofl                         text12       01165
__end_of__initialization                  cinit        00072
__end_of__write_byte                      text27       01BF5
__end_of_aT0                              stringtext7  01834
__end_of_aT1                              stringtext6  01830
__end_of_aT2                              stringtext5  0182C
__end_of_aT3                              stringtext4  01828
__end_of_aT4                              stringtext3  01824
__end_of_atanf                            text3        01000
__end_of_atanhi                           stringtext2  01820
__end_of_atanlo                           stringtext1  01810
__end_of_configI2C                        text37       01BB4
__end_of_configISR                        text36       01B82
__end_of_configPins                       text35       01DD8
__end_of_configUART1                      text34       01BE3
__end_of_fabsf                            text4        00831
__end_of_init_LCD                         text22       01C07
__end_of_initialize_all                   text20       01E69
__end_of_initinit                         text21       01D92
__end_of_main                             maintext     01EB7
__end_of_mergeVariables                   text18       0124A
__end_of_sqrtf                            text2        015F4
__end_of_vectorCalculations               text1        007CC
__initialization                          cinit        0002C
__pbssBANK1                               bssBANK1     000E8
__pbssBANK2                               bssBANK2     0014C
__pbssBANK3                               bssBANK3     001A0
__pbssCOMMON                              bssCOMMON    0007C
__pcstackBANK0                            cstackBANK0  00020
__pcstackBANK1                            cstackBANK1  000A0
__pcstackBANK2                            cstackBANK2  00120
__pcstackCOMMON                           cstackCOMMON 00070
__pdataBANK2                              dataBANK2    0016E
__pdataBANK3                              dataBANK3    001CA
__pdataBANK4                              dataBANK4    00220
__pdataBANK5                              dataBANK5    002A0
__pidataBANK2                             idataBANK2   00002
__pidataBANK3                             idataBANK3   01CC0
__pidataBANK4                             idataBANK4   01DD8
__pidataBANK5                             idataBANK5   007EF
__pintentry                               intentry     00004
__pmaintext                               maintext     01E69
__pstringtext1                            stringtext1  01800
__pstringtext2                            stringtext2  01810
__pstringtext3                            stringtext3  01820
__pstringtext4                            stringtext4  01824
__pstringtext5                            stringtext5  01828
__pstringtext6                            stringtext6  0182C
__pstringtext7                            stringtext7  01830
__ptext1                                  text1        00076
__ptext10                                 text10       007CC
__ptext11                                 text11       0124A
__ptext12                                 text12       010C0
__ptext13                                 text13       01CA1
__ptext14                                 text14       01F12
__ptext15                                 text15       01035
__ptext16                                 text16       01C65
__ptext17                                 text17       01014
__ptext18                                 text18       01165
__ptext19                                 text19       01EB7
__ptext2                                  text2        013EE
__ptext20                                 text20       01E20
__ptext21                                 text21       01D58
__ptext22                                 text22       01BF5
__ptext23                                 text23       01C31
__ptext24                                 text24       01B82
__ptext25                                 text25       00803
__ptext26                                 text26       01C82
__ptext27                                 text27       01BE3
__ptext28                                 text28       01D01
__ptext29                                 text29       01C49
__ptext3                                  text3        00A90
__ptext30                                 text30       01C07
__ptext31                                 text31       01000
__ptext32                                 text32       01B9A
__ptext33                                 text33       01B93
__ptext34                                 text34       01BD1
__ptext35                                 text35       01D92
__ptext36                                 text36       01B7D
__ptext37                                 text37       01BAA
__ptext38                                 text38       01CE0
__ptext39                                 text39       01BBF
__ptext4                                  text4        0080F
__ptext40                                 text40       01C1A
__ptext41                                 text41       01BA1
__ptext5                                  text5        01F81
__ptext6                                  text6        01D22
__ptext7                                  text7        015F4
__ptext8                                  text8        01BB4
__ptext9                                  text9        00831
__write_byte                              text27       01BE3
__write_byte@byte                         cstackCOMMON 00076
_angle                                    bssBANK1     000E8
_arr                                      bssBANK3     001A0
_atanf                                    text3        00A90
_atanf$1914                               cstackBANK2  00134
_atanf$1915                               cstackBANK2  00120
_atanf$1916                               cstackBANK2  00138
_atanf$1917                               cstackBANK2  00124
_atanf$1918                               cstackBANK2  00128
_atanhi                                   stringtext2  01810
_atanlo                                   stringtext1  01800
_bf                                       bssBANK2     00169
_configI2C                                text37       01BAA
_configISR                                text36       01B7D
_configPins                               text35       01D92
_configUART1                              text34       01BD1
_confirm                                  bssBANK2     00168
_counter                                  bssBANK2     0015E
_errno                                    bssBANK2     0015C
_fabsf                                    text4        0080F
_freq_char                                bssBANK2     0016A
_freq_digit                               bssBANK3     001BA
_frequency                                dataBANK2    0016E
_init_LCD                                 text22       01BF5
_initialize_all                           text20       01E20
_initinit                                 text21       01D58
_left_Joystick_X                          bssBANK2     00164
_left_Joystick_Y                          bssBANK2     00162
_left_Pot                                 bssBANK2     00160
_main                                     maintext     01E69
_mergeVariables                           text18       01165
_right_Joystick_X                         bssBANK1     000EE
_right_Joystick_Y                         bssBANK1     000EC
_speed                                    bssBANK2     00158
_sqrtf                                    text2        013EE
_vectorCalculations                       text1        00076
_vectorCalculations$1911                  cstackBANK1  000DA
_vectorCalculations$1912                  cstackBANK1  000DE
_vectorCalculations$1913                  cstackBANK1  000E2
atanf@id                                  cstackBANK2  00141
atanf@ix                                  cstackBANK2  00146
atanf@s1                                  cstackBANK2  0012C
atanf@s2                                  cstackBANK2  00130
atanf@sign                                cstackBANK2  0013C
atanf@w                                   cstackBANK2  0013D
atanf@x                                   cstackBANK1  000CC
atanf@z                                   cstackBANK2  00142
btemp                                     (abs)        0007E
clear_ram0                                clrtext      01B87
end_of_initialization                     cinit        00072
fabsf@F465                                bssBANK3     001C2
fabsf@u                                   cstackCOMMON 00075
fabsf@x                                   cstackCOMMON 00071
init_ram                                  inittext     01B8D
int$flags                                 (abs)        0007E
intlevel0                                 functab      00000
intlevel1                                 functab      00000
intlevel2                                 functab      00000
intlevel3                                 functab      00000
intlevel4                                 functab      00000
intlevel5                                 functab      00000
reset_vec                                 reset_vec    00000
sqrtf@i                                   cstackBANK0  0003A
sqrtf@ix                                  cstackBANK0  0004E
sqrtf@m                                   cstackBANK0  00046
sqrtf@q                                   cstackBANK0  0003E
sqrtf@r                                   cstackBANK0  0004A
sqrtf@s                                   cstackBANK0  00036
sqrtf@t                                   cstackBANK0  00042
sqrtf@x                                   cstackBANK0  0002A
start                                     init         0002A
start_initialization                      cinit        0002C
vectorCalculations@magnitude              cstackBANK1  000E6
wtemp0                                    (abs)        0007E


MODULE INFORMATION

Module		Function		Class		Link	Load	Size
C:\Program Files\Microchip\xc8\v3.00\pic\sources\c99\common\flge.c
		___flge        		CODE           	1035	0000	139

C:\Program Files\Microchip\xc8\v3.00\pic\sources\c99\common\flge.c estimated size: 139

C:\Program Files\Microchip\xc8\v3.00\pic\sources\c99\common\flneg.c
		___flneg       		CODE           	1BB4	0000	11

C:\Program Files\Microchip\xc8\v3.00\pic\sources\c99\common\flneg.c estimated size: 11

C:\Program Files\Microchip\xc8\v3.00\pic\sources\c99\common\fabsf.c
		_fabsf         		CODE           	080F	0000	34

C:\Program Files\Microchip\xc8\v3.00\pic\sources\c99\common\fabsf.c estimated size: 34

C:\Program Files\Microchip\xc8\v3.00\pic\sources\c99\common\atanf.c
		_atanf         		CODE           	0A90	0000	1392

C:\Program Files\Microchip\xc8\v3.00\pic\sources\c99\common\atanf.c estimated size: 1392

C:\Program Files\Microchip\xc8\v3.00\pic\sources\c99\common\__fpclassifyf.c
		___fpclassifyf 		CODE           	1F81	0000	127

C:\Program Files\Microchip\xc8\v3.00\pic\sources\c99\common\__fpclassifyf.c estimated size: 127

C:\Program Files\Microchip\xc8\v3.00\pic\sources\c99\common\Umul16.c
		___wmul        		CODE           	1CA1	0000	31

C:\Program Files\Microchip\xc8\v3.00\pic\sources\c99\common\Umul16.c estimated size: 31

C:\Program Files\Microchip\xc8\v3.00\pic\sources\c99\common\sprcmul.c
		___flmul       		CODE           	0831	0000	607

C:\Program Files\Microchip\xc8\v3.00\pic\sources\c99\common\sprcmul.c estimated size: 607

C:\Program Files\Microchip\xc8\v3.00\pic\sources\c99\common\sprcdiv.c
		___fldiv       		CODE           	124A	0000	420

C:\Program Files\Microchip\xc8\v3.00\pic\sources\c99\common\sprcdiv.c estimated size: 420

shared
		_aT1           		STRCODE        	0000	0000	0
		_aT2           		STRCODE        	0000	0000	0
		_aT3           		STRCODE        	0000	0000	0
		_aT4           		STRCODE        	0000	0000	0
		_atanhi        		STRCODE        	1810	0000	16
		__initialization		CODE           	002C	0000	70
		_aT0           		STRCODE        	0000	0000	0
		_atanlo        		STRCODE        	1800	0000	16

shared estimated size: 102

Rover_Main_Ver01.c
		_configUART1   		CODE           	1BD1	0000	18
		_initialize_all		CODE           	1E20	0000	73
		_UART_SendBuffer		CODE           	1C1A	0000	23
		_mergeVariables		CODE           	1165	0000	229
		_ISR           		CODE           	0004	0000	38
		_Flysky        		CODE           	1BBF	0000	18
		_HAL_LED_ON    		CODE           	1014	0000	33
		_HAL_LED_OFF   		CODE           	1CE0	0000	33
		_main          		CODE           	1E69	0000	78
		_configPins    		CODE           	1D92	0000	70
		_MotorSettings 		CODE           	1C65	0000	29
		_UART_sendData 		CODE           	1BA1	0000	9
		_configISR     		CODE           	1B7D	0000	5
		_vectorCalculations		CODE           	0076	0000	1878

Rover_Main_Ver01.c estimated size: 2534

C:\Program Files\Microchip\xc8\v3.00\pic\sources\c99\common\xxtofl.c
		___xxtofl      		CODE           	10C0	0000	165

C:\Program Files\Microchip\xc8\v3.00\pic\sources\c99\common\xxtofl.c estimated size: 165

./PIC16_LCD_API.h
		_I2C_stop      		CODE           	1B9A	0000	7
		_HAL_Pulse_Enable		CODE           	1C49	0000	28
		_HAL_I2C_Master_Transmit		CODE           	1C07	0000	19
		_HAL_Write_Init_Nibble		CODE           	1D01	0000	33
		_initinit      		CODE           	1D58	0000	58
		_HAL_Write_Command		CODE           	1C82	0000	31
		_I2C_start     		CODE           	1B93	0000	7
		_init_LCD      		CODE           	1BF5	0000	18
		__write_byte   		CODE           	1BE3	0000	18
		_configI2C     		CODE           	1BAA	0000	10
		_HAL_Set_Entry_Mode		CODE           	1C31	0000	24
		_HAL_Clear     		CODE           	0803	0000	12
		_HAL_Display_On		CODE           	1B82	0000	5
		_I2C_write     		CODE           	1000	0000	20

./PIC16_LCD_API.h estimated size: 290

C:\Program Files\Microchip\xc8\v3.00\pic\sources\c99\common\sqrtf.c
		_sqrtf         		CODE           	13EE	0000	518

C:\Program Files\Microchip\xc8\v3.00\pic\sources\c99\common\sqrtf.c estimated size: 518

C:\Program Files\Microchip\xc8\v3.00\pic\sources\c99\common\awdiv.c
		___awdiv       		CODE           	1EB7	0000	91

C:\Program Files\Microchip\xc8\v3.00\pic\sources\c99\common\awdiv.c estimated size: 91

C:\Program Files\Microchip\xc8\v3.00\pic\sources\c99\common\fltol.c
		___fltol       		CODE           	1F12	0000	111

C:\Program Files\Microchip\xc8\v3.00\pic\sources\c99\common\fltol.c estimated size: 111

C:\Program Files\Microchip\xc8\v3.00\pic\sources\c99\common\sprcadd.c
		___flsub       		CODE           	1D22	0000	54
		___fladd       		CODE           	15F4	0000	524

C:\Program Files\Microchip\xc8\v3.00\pic\sources\c99\common\sprcadd.c estimated size: 578

C:\Program Files\Microchip\xc8\v3.00\pic\sources\c99\common\Umul8_16.c
		__Umul8_16     		CODE           	07CC	0000	35

C:\Program Files\Microchip\xc8\v3.00\pic\sources\c99\common\Umul8_16.c estimated size: 35

